n	10
n	8
n	6
n	4
n	3
n	5
n	3
n	4
n	3
n	7
n	5
n	3
n	4
n	3
n	6
n	4
n	3
n	5
n	3
n	4
n	3
n	9
n	7
n	5
n	3
n	4
n	3
n	6
n	4
n	3
n	5
n	3
n	4
n	3
n	8
n	6
n	4
n	3
n	5
n	3
n	4
n	3
n	7
n	5
n	3
n	4
n	3
n	6
n	4
n	3
n	5
n	3
n	4
n	3
