accum	0
accum	1
accum	2
accum	3
accum	4
accum	5
accum	6
